// Jest Snapshot v1, https://goo.gl/fbAQLP

exports[`className is added to the root element 1`] = `"pf-c-login-box__header extra-class"`;

exports[`renders with PatternFly Core styles 1`] = `
.pf-u-mb-sm {
  display: block;
  margin-bottom: 0.5rem;
}
.pf-u-ml-md {
  display: block;
  margin-left: 1rem;
}
.pf-u-display-inline-flex.pf-u-align-items-center {
  display: inline-flex;
  align-items: center;
}
.pf-c-login-box__header {
  display: block;
  padding: 3rem 3rem 1rem 3rem;
}

<div
  className="pf-c-login-box__header"
>
  <Title
    className="pf-u-mb-sm"
    size="3xl"
  />
  <div
    className="pf-u-display-inline-flex pf-u-align-items-center"
  >
    <p
      className="pf-u-ml-md"
    />
  </div>
</div>
`;
